[bikerowave.org/index.html]
[backblue.gif]
[fade.gif]
[index.html]
[bikerowave.org/osd.xml]
[bikerowave.org/wordpress_test_cookie=test; path=/index.html]
[bikerowave.org/feed/index.html]
[bikerowave.org/comments/feed/index.html]
[bikerowave.org/index.html]
[bikerowave.org/wp-content/plugins/ie-sitemode/custom-jumplist.php]
[bikerowave.org/contact-us/index.html]
[bikerowave.org/about/index.html]
[bikerowave.org/xmlrpc.php]
[bikerowave.org/the-board/index.html]
[bikerowave.org/wordpress_test_cookie=test; path=/index.html]
[bikerowave.org/hours-rates-location/index.html]
[bikerowave.org/contributions/index.html]
[bikerowave.org/about/index.html]
[bikerowave.org/volunteering/index.html]
[bikerowave.org/contact-us/index.html]
[bikerowave.org/bylaws/index.html]
[bikerowave.org/workshops/index.html]
[bikerowave.org/volunteer-hours/index.html]
[bikerowave.org/the-board/index.html]
[bikerowave.org/2017/02/14/movie-night-on-friday-february-24th/index.html]
[bikerowave.org/hours-rates-location/index.html]
[bikerowave.org/author/mikeroddy/index.html]
[bikerowave.org/volunteering/index.html]
[bikerowave.org/2016/12/19/bikerowave-closed-december-24-25-2016/index.html]
[bikerowave.org/category/news/index.html]
[bikerowave.org/author/alexmhirsch/index.html]
[bikerowave.org/2016/12/02/bikerowave-will-be-closed-saturday-december-3/index.html]
[bikerowave.org/contributions/info@bikerowave.org]
[bikerowave.org/contributions/index.html]
[bikerowave.org/author/rach150384/index.html]
[bikerowave.org/page/2/index.html]
[bikerowave.org/2016/11/27/swap-meet-sunday-december-11/index.html]
[bikerowave.org/2016/10/12/bikerowave-will-be-closed-for-ciclavia-heart-of-la/index.html]
[bikerowave.org/bylaws/index.html]
[bikerowave.org/about/wordpress_test_cookie=test; path=/index.html]
[bikerowave.org/workshops/index.html]
[bikerowave.org/volunteer-hours/index.html]
[bikerowave.org/2017/02/14/movie-night-on-friday-february-24th/index.html]
[bikerowave.org/author/mikeroddy/index.html]
[bikerowave.org/contact-us/wordpress_test_cookie=test; path=/index.html]
[bikerowave.org/category/news/index.html]
[bikerowave.org/2016/12/19/bikerowave-closed-december-24-25-2016/index.html]
[bikerowave.org/author/alexmhirsch/index.html]
[bikerowave.org/2016/12/02/bikerowave-will-be-closed-saturday-december-3/index.html]
[bikerowave.org/2016/11/27/swap-meet-sunday-december-11/index.html]
[bikerowave.org/contact-us/feed/index.html]
[bikerowave.org/author/rach150384/index.html]
[bikerowave.org/the-board/wordpress_test_cookie=test; path=/index.html]
[bikerowave.org/2016/10/12/bikerowave-will-be-closed-for-ciclavia-heart-of-la/index.html]
[bikerowave.org/page/2/index.html]
[bikerowave.org/about/wordpress_test_cookie=test; path=/index.html]
[bikerowave.org/about/index5a58.html]
[bikerowave.org/about/index9a7b.html]
[bikerowave.org/about/index1ea5.html]
[bikerowave.org/hours-rates-location/wordpress_test_cookie=test; path=/index.html]
[bikerowave.org/about/index386f.html]
[bikerowave.org/about/index3081.html]
[bikerowave.org/hours-rates-location/img_20160809_190610/index.html]
[bikerowave.org/contact-us/wordpress_test_cookie=test; path=/index.html]
[bikerowave.org/contact-us/index5a58.html]
[bikerowave.org/hours-rates-location/img_20160809_210336/index.html]
[bikerowave.org/contact-us/index9a7b.html]
[bikerowave.org/hours-rates-location/img_20160809_210413/index.html]
[bikerowave.org/contact-us/index1ea5.html]
[bikerowave.org/contact-us/index386f.html]
[bikerowave.org/contact-us/index3081.html]
[bikerowave.org/hours-rates-location/feed/index.html]
[bikerowave.org/the-board/wordpress_test_cookie=test; path=/index.html]
[bikerowave.org/volunteering/wordpress_test_cookie=test; path=/index.html]
[bikerowave.org/the-board/index5a58.html]
[bikerowave.org/the-board/index9a7b.html]
[bikerowave.org/the-board/index1ea5.html]
[bikerowave.org/the-board/index386f.html]
[bikerowave.org/the-board/index3081.html]
[bikerowave.org/contributions/wordpress_test_cookie=test; path=/index.html]
[bikerowave.org/hours-rates-location/wordpress_test_cookie=test; path=/index.html]
[bikerowave.org/hours-rates-location/img_20160809_190610/index.html]
[bikerowave.org/hours-rates-location/img_20160809_210336/index.html]
[bikerowave.org/hours-rates-location/img_20160809_210413/index.html]
[bikerowave.org/hours-rates-location/index5a58.html]
[bikerowave.org/hours-rates-location/index9a7b.html]
[bikerowave.org/hours-rates-location/index1ea5.html]
[bikerowave.org/bylaws/wordpress_test_cookie=test; path=/index.html]
[bikerowave.org/hours-rates-location/index386f.html]
[bikerowave.org/hours-rates-location/index3081.html]
[bikerowave.org/volunteering/wordpress_test_cookie=test; path=/index.html]
[bikerowave.org/volunteering/index5a58.html]
[bikerowave.org/volunteering/index9a7b.html]
[bikerowave.org/volunteering/index1ea5.html]
[bikerowave.org/workshops/wordpress_test_cookie=test; path=/index.html]
[bikerowave.org/volunteering/index386f.html]
[bikerowave.org/volunteering/index3081.html]
[bikerowave.org/contributions/wordpress_test_cookie=test; path=/index.html]
[bikerowave.org/contributions/info@bikerowave.html]
[bikerowave.org/contributions/index5a58.html]
[bikerowave.org/volunteer-hours/wordpress_test_cookie=test; path=/index.html]
[bikerowave.org/contributions/index9a7b.html]
[bikerowave.org/contributions/index1ea5.html]
[bikerowave.org/contributions/index386f.html]
[bikerowave.org/contributions/index3081.html]
[bikerowave.org/bylaws/wordpress_test_cookie=test; path=/index.html]
[bikerowave.org/bylaws/index5a58.html]
[bikerowave.org/2017/02/14/movie-night-on-friday-february-24th/wordpress_test_cookie=test; path=/index.html]
[bikerowave.org/bylaws/index9a7b.html]
